append_cflags: checking for whether -std=c99 is accepted as CFLAGS... -------------------- yes

PATH=".;C:/Ruby34-x64/lib;C:\Ruby34-x64\bin;C:\Ruby34-x64\msys64\ucrt64\bin;C:\Ruby34-x64\msys64\usr\bin;C:\Users\hesha\anaconda3\envs\hw6env;C:\Users\hesha\anaconda3\envs\hw6env\Library\mingw-w64\bin;C:\Users\hesha\anaconda3\envs\hw6env\Library\usr\bin;C:\Users\hesha\anaconda3\envs\hw6env\Library\bin;C:\Users\hesha\anaconda3\envs\hw6env\Scripts;C:\Users\hesha\anaconda3\envs\hw6env\bin;C:\Users\hesha\anaconda3\condabin;C:\Users\hesha\OneDrive\Documents\CSE 414\sqlite-dll-win-x86-3500400;C:\WINDOWS\system32;C:\WINDOWS;C:\WINDOWS\System32\Wbem;C:\WINDOWS\System32\WindowsPowerShell\v1.0;C:\WINDOWS\System32\OpenSSH;C:\Program Files\Git\cmd;C:\Users\hesha\OneDrive\Documents\CSE 414\sqlite3;C:\Ruby34-x64\bin;C:\Ruby33-x64\bin;C:\Users\hesha\AppData\Local\Microsoft\WindowsApps;C:\Users\hesha\AppData\Local\Programs\cursor\resources\app\bin;." ASAN_OPTIONS=detect_leaks=0 "gcc -o conftest.exe -IC:/Ruby34-x64/include/ruby-3.4.0/x64-mingw-ucrt -IC:/Ruby34-x64/include/ruby-3.4.0/ruby/backward -IC:/Ruby34-x64/include/ruby-3.4.0 -I. -D_WIN32_WINNT=0x0600 -D__MINGW_USE_VC2005_COMPAT -D_FILE_OFFSET_BITS=64  -O3 -fstack-protector-strong conftest.c -L. -LC:/Ruby34-x64/lib -L. -pipe -s -fstack-protector-strong -lpthread -Wl,--no-as-needed     -lx64-ucrt-ruby340  -lshell32 -lws2_32 -liphlpapi -limagehlp -lshlwapi -lbcrypt  "
checked program was:
/* begin */
1: #include "ruby.h"
2: 
3: #include <winsock2.h>
4: #include <windows.h>
5: int main(int argc, char **argv)
6: {
7:   return !!argv[argc];
8: }
/* end */

PATH=".;C:/Ruby34-x64/lib;C:\Ruby34-x64\bin;C:\Ruby34-x64\msys64\ucrt64\bin;C:\Ruby34-x64\msys64\usr\bin;C:\Users\hesha\anaconda3\envs\hw6env;C:\Users\hesha\anaconda3\envs\hw6env\Library\mingw-w64\bin;C:\Users\hesha\anaconda3\envs\hw6env\Library\usr\bin;C:\Users\hesha\anaconda3\envs\hw6env\Library\bin;C:\Users\hesha\anaconda3\envs\hw6env\Scripts;C:\Users\hesha\anaconda3\envs\hw6env\bin;C:\Users\hesha\anaconda3\condabin;C:\Users\hesha\OneDrive\Documents\CSE 414\sqlite-dll-win-x86-3500400;C:\WINDOWS\system32;C:\WINDOWS;C:\WINDOWS\System32\Wbem;C:\WINDOWS\System32\WindowsPowerShell\v1.0;C:\WINDOWS\System32\OpenSSH;C:\Program Files\Git\cmd;C:\Users\hesha\OneDrive\Documents\CSE 414\sqlite3;C:\Ruby34-x64\bin;C:\Ruby33-x64\bin;C:\Users\hesha\AppData\Local\Microsoft\WindowsApps;C:\Users\hesha\AppData\Local\Programs\cursor\resources\app\bin;." ASAN_OPTIONS=detect_leaks=0 "gcc -IC:/Ruby34-x64/include/ruby-3.4.0/x64-mingw-ucrt -IC:/Ruby34-x64/include/ruby-3.4.0/ruby/backward -IC:/Ruby34-x64/include/ruby-3.4.0 -I. -D_WIN32_WINNT=0x0600 -D__MINGW_USE_VC2005_COMPAT -D_FILE_OFFSET_BITS=64  -O3 -fstack-protector-strong  -std=c99 -Werror -c conftest.c"
checked program was:
/* begin */
1: #include "ruby.h"
2: 
3: #include <winsock2.h>
4: #include <windows.h>
5: int main(int argc, char **argv)
6: {
7:   return !!argv[argc];
8: }
/* end */

--------------------

