current directory: C:/Users/hesha/Downloads/SeattleLungProject-gh-pages/SeattleLungProjectFamilyTree/vendor/bundle/ruby/3.3.0/gems/json-2.15.0/ext/json/ext/parser
C:/Ruby33-x64/bin/ruby.exe extconf.rb
checking for rb_enc_interned_str() in ruby/encoding.h... yes
checking for rb_hash_new_capa() in ruby.h... yes
checking for rb_hash_bulk_insert() in ruby.h... yes
checking for strnlen() in string.h... yes
checking for whether -std=c99 is accepted as CFLAGS... yes
checking for x86intrin.h... yes
checking for cpuid.h... yes
creating Makefile

current directory: C:/Users/hesha/Downloads/SeattleLungProject-gh-pages/SeattleLungProjectFamilyTree/vendor/bundle/ruby/3.3.0/gems/json-2.15.0/ext/json/ext/parser
make DESTDIR\= sitearchdir\=./.gem.20250925-18336-72zr4u sitelibdir\=./.gem.20250925-18336-72zr4u clean

current directory: C:/Users/hesha/Downloads/SeattleLungProject-gh-pages/SeattleLungProjectFamilyTree/vendor/bundle/ruby/3.3.0/gems/json-2.15.0/ext/json/ext/parser
make DESTDIR\= sitearchdir\=./.gem.20250925-18336-72zr4u sitelibdir\=./.gem.20250925-18336-72zr4u
generating parser-x64-mingw-ucrt.def
compiling parser.c
linking shared-object json/ext/parser.so

current directory: C:/Users/hesha/Downloads/SeattleLungProject-gh-pages/SeattleLungProjectFamilyTree/vendor/bundle/ruby/3.3.0/gems/json-2.15.0/ext/json/ext/parser
make DESTDIR\= sitearchdir\=./.gem.20250925-18336-72zr4u sitelibdir\=./.gem.20250925-18336-72zr4u install
/usr/bin/install -c -m 0755 parser.so ./.gem.20250925-18336-72zr4u/json/ext

current directory: C:/Users/hesha/Downloads/SeattleLungProject-gh-pages/SeattleLungProjectFamilyTree/vendor/bundle/ruby/3.3.0/gems/json-2.15.0/ext/json/ext/parser
make DESTDIR\= sitearchdir\=./.gem.20250925-18336-72zr4u sitelibdir\=./.gem.20250925-18336-72zr4u clean
