current directory: C:/Users/hesha/Downloads/SeattleLungProject-gh-pages/SeattleLungProjectFamilyTree/vendor/bundle/ruby/3.3.0/gems/eventmachine-1.2.7/ext/fastfilereader
C:/Ruby33-x64/bin/ruby.exe extconf.rb
creating Makefile

current directory: C:/Users/hesha/Downloads/SeattleLungProject-gh-pages/SeattleLungProjectFamilyTree/vendor/bundle/ruby/3.3.0/gems/eventmachine-1.2.7/ext/fastfilereader
make DESTDIR\= sitearchdir\=./.gem.20250925-18336-ua8f5g sitelibdir\=./.gem.20250925-18336-ua8f5g clean

current directory: C:/Users/hesha/Downloads/SeattleLungProject-gh-pages/SeattleLungProjectFamilyTree/vendor/bundle/ruby/3.3.0/gems/eventmachine-1.2.7/ext/fastfilereader
make DESTDIR\= sitearchdir\=./.gem.20250925-18336-ua8f5g sitelibdir\=./.gem.20250925-18336-ua8f5g
generating fastfilereaderext-x64-mingw-ucrt.def
compiling mapper.cpp
compiling rubymain.cpp
In file included from C:/Ruby33-x64/include/ruby-3.3.0/ruby/internal/stdbool.h:31,
                 from C:/Ruby33-x64/include/ruby-3.3.0/ruby/backward/2/bool.h:22,
                 from C:/Ruby33-x64/include/ruby-3.3.0/ruby/defines.h:74,
                 from C:/Ruby33-x64/include/ruby-3.3.0/ruby/ruby.h:25,
                 from C:/Ruby33-x64/include/ruby-3.3.0/ruby.h:38,
                 from rubymain.cpp:25:
C:/msys64/ucrt64/include/c++/15.2.0/cstdbool:50:6: warning: #warning "<cstdbool> is deprecated in C++17, remove the #include" [-Wcpp]
   50 | #    warning "<cstdbool> is deprecated in C++17, remove the #include"
      |      ^~~~~~~
linking shared-object fastfilereaderext.so

current directory: C:/Users/hesha/Downloads/SeattleLungProject-gh-pages/SeattleLungProjectFamilyTree/vendor/bundle/ruby/3.3.0/gems/eventmachine-1.2.7/ext/fastfilereader
make DESTDIR\= sitearchdir\=./.gem.20250925-18336-ua8f5g sitelibdir\=./.gem.20250925-18336-ua8f5g install
/usr/bin/install -c -m 0755 fastfilereaderext.so ./.gem.20250925-18336-ua8f5g

current directory: C:/Users/hesha/Downloads/SeattleLungProject-gh-pages/SeattleLungProjectFamilyTree/vendor/bundle/ruby/3.3.0/gems/eventmachine-1.2.7/ext/fastfilereader
make DESTDIR\= sitearchdir\=./.gem.20250925-18336-ua8f5g sitelibdir\=./.gem.20250925-18336-ua8f5g clean
