current directory: /Users/arjun/mhwang/SeattleLungProject/vendor/bundle/ruby/3.3.0/gems/http_parser.rb-0.8.0/ext/ruby_http_parser
/usr/local/opt/ruby/bin/ruby extconf.rb
creating Makefile

current directory: /Users/arjun/mhwang/SeattleLungProject/vendor/bundle/ruby/3.3.0/gems/http_parser.rb-0.8.0/ext/ruby_http_parser
make DESTDIR\= sitearchdir\=./.gem.20240502-50082-xn740s sitelibdir\=./.gem.20240502-50082-xn740s clean

current directory: /Users/arjun/mhwang/SeattleLungProject/vendor/bundle/ruby/3.3.0/gems/http_parser.rb-0.8.0/ext/ruby_http_parser
make DESTDIR\= sitearchdir\=./.gem.20240502-50082-xn740s sitelibdir\=./.gem.20240502-50082-xn740s
compiling ruby_http_parser.c
ruby_http_parser.c:365:17: warning: comparison of integers of different signs: 'size_t' (aka 'unsigned long') and 'long' [-Wsign-compare]
    if (nparsed < len)
        ~~~~~~~ ^ ~~~
1 warning generated.
compiling ryah_http_parser.c
linking shared-object ruby_http_parser.bundle
ld: warning: -undefined dynamic_lookup may not work with chained fixups

current directory: /Users/arjun/mhwang/SeattleLungProject/vendor/bundle/ruby/3.3.0/gems/http_parser.rb-0.8.0/ext/ruby_http_parser
make DESTDIR\= sitearchdir\=./.gem.20240502-50082-xn740s sitelibdir\=./.gem.20240502-50082-xn740s install
/usr/bin/install -c -m 0755 ruby_http_parser.bundle ./.gem.20240502-50082-xn740s

current directory: /Users/arjun/mhwang/SeattleLungProject/vendor/bundle/ruby/3.3.0/gems/http_parser.rb-0.8.0/ext/ruby_http_parser
make DESTDIR\= sitearchdir\=./.gem.20240502-50082-xn740s sitelibdir\=./.gem.20240502-50082-xn740s clean
