current directory: C:/Users/hesha/Downloads/SeattleLungProject-gh-pages/SeattleLungProjectFamilyTree/vendor/bundle/ruby/3.3.0/gems/bigdecimal-3.2.3/ext/bigdecimal
C:/Ruby33-x64/bin/ruby.exe extconf.rb
checking for __builtin_clz()... yes
checking for __builtin_clzl()... yes
checking for __builtin_clzll()... yes
checking for float.h... yes
checking for math.h... yes
checking for stdbool.h... yes
checking for stdlib.h... yes
checking for x86intrin.h... yes
checking for _lzcnt_u32() in x86intrin.h... no
checking for _lzcnt_u64() in x86intrin.h... no
checking for intrin.h... yes
checking for __lzcnt() in intrin.h... no
checking for __lzcnt64() in intrin.h... no
checking for _BitScanReverse() in intrin.h... yes
checking for _BitScanReverse64() in intrin.h... yes
checking for ruby/atomic.h... yes
checking for ruby/internal/has/builtin.h... yes
checking for ruby/internal/static_assert.h... yes
checking for rb_complex_real() in ruby.h... yes
checking for rb_complex_imag() in ruby.h... yes
checking for rb_opts_exception_p() in ruby.h... yes
checking for rb_category_warn() in ruby.h... yes
checking for RB_WARN_CATEGORY_DEPRECATED in ruby.h... yes
creating Makefile

current directory: C:/Users/hesha/Downloads/SeattleLungProject-gh-pages/SeattleLungProjectFamilyTree/vendor/bundle/ruby/3.3.0/gems/bigdecimal-3.2.3/ext/bigdecimal
make DESTDIR\= sitearchdir\=./.gem.20250925-18336-unuqb1 sitelibdir\=./.gem.20250925-18336-unuqb1 clean

current directory: C:/Users/hesha/Downloads/SeattleLungProject-gh-pages/SeattleLungProjectFamilyTree/vendor/bundle/ruby/3.3.0/gems/bigdecimal-3.2.3/ext/bigdecimal
make DESTDIR\= sitearchdir\=./.gem.20250925-18336-unuqb1 sitelibdir\=./.gem.20250925-18336-unuqb1
generating bigdecimal-x64-mingw-ucrt.def
compiling bigdecimal.c
compiling missing.c
linking shared-object bigdecimal.so

current directory: C:/Users/hesha/Downloads/SeattleLungProject-gh-pages/SeattleLungProjectFamilyTree/vendor/bundle/ruby/3.3.0/gems/bigdecimal-3.2.3/ext/bigdecimal
make DESTDIR\= sitearchdir\=./.gem.20250925-18336-unuqb1 sitelibdir\=./.gem.20250925-18336-unuqb1 install
/usr/bin/install -c -m 0755 bigdecimal.so ./.gem.20250925-18336-unuqb1

current directory: C:/Users/hesha/Downloads/SeattleLungProject-gh-pages/SeattleLungProjectFamilyTree/vendor/bundle/ruby/3.3.0/gems/bigdecimal-3.2.3/ext/bigdecimal
make DESTDIR\= sitearchdir\=./.gem.20250925-18336-unuqb1 sitelibdir\=./.gem.20250925-18336-unuqb1 clean
